stm32l1xx_hal_tim.c:346:13:HAL_TIM_Base_MspInit	0	static
stm32l1xx_hal_tim.c:258:19:HAL_TIM_Base_Init	16	static
stm32l1xx_hal_tim.c:361:13:HAL_TIM_Base_MspDeInit	0	static
stm32l1xx_hal_tim.c:310:19:HAL_TIM_Base_DeInit	8	static
stm32l1xx_hal_tim.c:377:19:HAL_TIM_Base_Start	0	static
stm32l1xx_hal_tim.c:406:19:HAL_TIM_Base_Stop	0	static
stm32l1xx_hal_tim.c:429:19:HAL_TIM_Base_Start_IT	0	static
stm32l1xx_hal_tim.c:455:19:HAL_TIM_Base_Stop_IT	0	static
stm32l1xx_hal_tim.c:476:19:HAL_TIM_Base_Start_DMA	16	static
stm32l1xx_hal_tim.c:535:19:HAL_TIM_Base_Stop_DMA	8	static
stm32l1xx_hal_tim.c:678:13:HAL_TIM_OC_MspInit	0	static
stm32l1xx_hal_tim.c:590:19:HAL_TIM_OC_Init	16	static
stm32l1xx_hal_tim.c:693:13:HAL_TIM_OC_MspDeInit	0	static
stm32l1xx_hal_tim.c:642:19:HAL_TIM_OC_DeInit	8	static
stm32l1xx_hal_tim.c:714:19:HAL_TIM_OC_Start	0	static
stm32l1xx_hal_tim.c:746:19:HAL_TIM_OC_Stop	8	static
stm32l1xx_hal_tim.c:772:19:HAL_TIM_OC_Start_IT	0	static
stm32l1xx_hal_tim.c:838:19:HAL_TIM_OC_Stop_IT	4	static
stm32l1xx_hal_tim.c:900:19:HAL_TIM_OC_Start_DMA	24	static
stm32l1xx_hal_tim.c:1036:19:HAL_TIM_OC_Stop_DMA	16	static
stm32l1xx_hal_tim.c:1215:13:HAL_TIM_PWM_MspInit	0	static
stm32l1xx_hal_tim.c:1127:19:HAL_TIM_PWM_Init	16	static
stm32l1xx_hal_tim.c:1230:13:HAL_TIM_PWM_MspDeInit	0	static
stm32l1xx_hal_tim.c:1179:19:HAL_TIM_PWM_DeInit	8	static
stm32l1xx_hal_tim.c:1251:19:HAL_TIM_PWM_Start	0	static
stm32l1xx_hal_tim.c:1283:19:HAL_TIM_PWM_Stop	8	static
stm32l1xx_hal_tim.c:1312:19:HAL_TIM_PWM_Start_IT	0	static
stm32l1xx_hal_tim.c:1377:19:HAL_TIM_PWM_Stop_IT	4	static
stm32l1xx_hal_tim.c:1439:19:HAL_TIM_PWM_Start_DMA	24	static
stm32l1xx_hal_tim.c:1574:19:HAL_TIM_PWM_Stop_DMA	16	static
stm32l1xx_hal_tim.c:1753:13:HAL_TIM_IC_MspInit	0	static
stm32l1xx_hal_tim.c:1665:19:HAL_TIM_IC_Init	16	static
stm32l1xx_hal_tim.c:1768:13:HAL_TIM_IC_MspDeInit	0	static
stm32l1xx_hal_tim.c:1717:19:HAL_TIM_IC_DeInit	8	static
stm32l1xx_hal_tim.c:1789:19:HAL_TIM_IC_Start	0	static
stm32l1xx_hal_tim.c:1821:19:HAL_TIM_IC_Stop	8	static
stm32l1xx_hal_tim.c:1847:19:HAL_TIM_IC_Start_IT	0	static
stm32l1xx_hal_tim.c:1912:19:HAL_TIM_IC_Stop_IT	4	static
stm32l1xx_hal_tim.c:1974:19:HAL_TIM_IC_Start_DMA	24	static
stm32l1xx_hal_tim.c:2109:19:HAL_TIM_IC_Stop_DMA	16	static
stm32l1xx_hal_tim.c:2299:13:HAL_TIM_OnePulse_MspInit	0	static
stm32l1xx_hal_tim.c:2204:19:HAL_TIM_OnePulse_Init	16	static
stm32l1xx_hal_tim.c:2314:13:HAL_TIM_OnePulse_MspDeInit	0	static
stm32l1xx_hal_tim.c:2263:19:HAL_TIM_OnePulse_DeInit	8	static
stm32l1xx_hal_tim.c:2333:19:HAL_TIM_OnePulse_Start	0	static
stm32l1xx_hal_tim.c:2363:19:HAL_TIM_OnePulse_Stop	0	static
stm32l1xx_hal_tim.c:2393:19:HAL_TIM_OnePulse_Start_IT	0	static
stm32l1xx_hal_tim.c:2429:19:HAL_TIM_OnePulse_Stop_IT	0	static
stm32l1xx_hal_tim.c:2634:13:HAL_TIM_Encoder_MspInit	0	static
stm32l1xx_hal_tim.c:2493:19:HAL_TIM_Encoder_Init	32	static
stm32l1xx_hal_tim.c:2649:13:HAL_TIM_Encoder_MspDeInit	0	static
stm32l1xx_hal_tim.c:2598:19:HAL_TIM_Encoder_DeInit	8	static
stm32l1xx_hal_tim.c:2669:19:HAL_TIM_Encoder_Start	0	static
stm32l1xx_hal_tim.c:2713:19:HAL_TIM_Encoder_Stop	0	static
stm32l1xx_hal_tim.c:2759:19:HAL_TIM_Encoder_Start_IT	0	static
stm32l1xx_hal_tim.c:2809:19:HAL_TIM_Encoder_Stop_IT	0	static
stm32l1xx_hal_tim.c:2863:19:HAL_TIM_Encoder_Start_DMA	32	static
stm32l1xx_hal_tim.c:2997:19:HAL_TIM_Encoder_Stop_DMA	8	static
stm32l1xx_hal_tim.c:3251:19:HAL_TIM_OC_ConfigChannel	16	static
stm32l1xx_hal_tim.c:3331:19:HAL_TIM_IC_ConfigChannel	16	static
stm32l1xx_hal_tim.c:3428:19:HAL_TIM_PWM_ConfigChannel	16	static
stm32l1xx_hal_tim.c:3539:19:HAL_TIM_OnePulse_ConfigChannel	20	static
stm32l1xx_hal_tim.c:3672:19:HAL_TIM_DMABurst_WriteStart	24	static
stm32l1xx_hal_tim.c:3819:19:HAL_TIM_DMABurst_WriteStop	16	static
stm32l1xx_hal_tim.c:3908:19:HAL_TIM_DMABurst_ReadStart	24	static
stm32l1xx_hal_tim.c:4056:19:HAL_TIM_DMABurst_ReadStop	16	static
stm32l1xx_hal_tim.c:4124:19:HAL_TIM_GenerateEvent	8	static
stm32l1xx_hal_tim.c:4161:19:HAL_TIM_ConfigOCrefClear	12	static
stm32l1xx_hal_tim.c:4294:19:HAL_TIM_ConfigClockSource	16	static
stm32l1xx_hal_tim.c:4446:19:HAL_TIM_ConfigTI1Input	0	static
stm32l1xx_hal_tim.c:4478:19:HAL_TIM_SlaveConfigSynchro	16	static
stm32l1xx_hal_tim.c:4518:19:HAL_TIM_SlaveConfigSynchro_IT	16	static
stm32l1xx_hal_tim.c:4561:10:HAL_TIM_ReadCapturedValue	0	static
stm32l1xx_hal_tim.c:4645:13:HAL_TIM_PeriodElapsedCallback	0	static
stm32l1xx_hal_tim.c:5484:13:TIM_DMAPeriodElapsedCplt	8	static
stm32l1xx_hal_tim.c:4660:13:HAL_TIM_PeriodElapsedHalfCpltCallback	0	static
stm32l1xx_hal_tim.c:5502:13:TIM_DMAPeriodElapsedHalfCplt	8	static
stm32l1xx_hal_tim.c:4675:13:HAL_TIM_OC_DelayElapsedCallback	0	static
stm32l1xx_hal_tim.c:4690:13:HAL_TIM_IC_CaptureCallback	0	static
stm32l1xx_hal_tim.c:5402:6:TIM_DMACaptureCplt	8	static
stm32l1xx_hal_tim.c:4705:13:HAL_TIM_IC_CaptureHalfCpltCallback	0	static
stm32l1xx_hal_tim.c:5443:6:TIM_DMACaptureHalfCplt	8	static
stm32l1xx_hal_tim.c:4720:13:HAL_TIM_PWM_PulseFinishedCallback	0	static
stm32l1xx_hal_tim.c:5320:6:TIM_DMADelayPulseCplt	8	static
stm32l1xx_hal_tim.c:4735:13:HAL_TIM_PWM_PulseFinishedHalfCpltCallback	0	static
stm32l1xx_hal_tim.c:5361:6:TIM_DMADelayPulseHalfCplt	8	static
stm32l1xx_hal_tim.c:4750:13:HAL_TIM_TriggerCallback	0	static
stm32l1xx_hal_tim.c:3063:6:HAL_TIM_IRQHandler	8	static
stm32l1xx_hal_tim.c:5520:13:TIM_DMATriggerCplt	8	static
stm32l1xx_hal_tim.c:4765:13:HAL_TIM_TriggerHalfCpltCallback	0	static
stm32l1xx_hal_tim.c:5538:13:TIM_DMATriggerHalfCplt	8	static
stm32l1xx_hal_tim.c:4780:13:HAL_TIM_ErrorCallback	0	static
stm32l1xx_hal_tim.c:5302:6:TIM_DMAError	8	static
stm32l1xx_hal_tim.c:5230:22:HAL_TIM_Base_GetState	0	static
stm32l1xx_hal_tim.c:5240:22:HAL_TIM_OC_GetState	0	static
stm32l1xx_hal_tim.c:5250:22:HAL_TIM_PWM_GetState	0	static
stm32l1xx_hal_tim.c:5260:22:HAL_TIM_IC_GetState	0	static
stm32l1xx_hal_tim.c:5270:22:HAL_TIM_OnePulse_GetState	0	static
stm32l1xx_hal_tim.c:5280:22:HAL_TIM_Encoder_GetState	0	static
